PASS src/features/wizard/__tests__/use-wizard-navigation.test.ts (9.302 s)
  useWizardNavigation
    ÔêÜ should return "details" as default step if no search param is present (36 ms)
    ÔêÜ should return the current step from search params (191 ms)
    ÔêÜ should navigate to next step correctly (168 ms)
    ÔêÜ should navigate to previous step correctly (8 ms)

Test Suites: 1 passed, 1 total
Tests:       4 passed, 4 total
Snapshots:   0 total
Time:        11.707 s
Ran all test suites matching src/features/wizard/__tests__/use-wizard-navigation.test.ts.
Jest did not exit one second after the test run has completed.

'This usually means that there are asynchronous operations that weren't stopped in your tests. Consider running Jest with `--detectOpenHandles` to troubleshoot this issue.
